// Jest Snapshot v1, https://goo.gl/fbAQLP

exports[`it renders correctly 1`] = `
<View
  style={
    Object {
      "flexDirection": "row",
    }
  }
>
  <Text
    accessible={true}
    allowFontScaling={false}
    disabled={false}
    ellipsizeMode="tail"
    style={
      Array [
        Object {
          "color": undefined,
          "fontSize": 12,
        },
        Object {
          "backgroundColor": "transparent",
          "color": "#3D414B",
          "fontSize": 17,
          "padding": 10,
        },
        Object {
          "fontFamily": "nubabi",
          "fontStyle": "normal",
          "fontWeight": "normal",
        },
      ]
    }
  >
    
  </Text>
  <Text
    accessible={true}
    allowFontScaling={false}
    disabled={false}
    ellipsizeMode="tail"
    onPress={[Function]}
    style={
      Array [
        Object {
          "color": undefined,
          "fontSize": 12,
        },
        Array [
          Object {
            "backgroundColor": "transparent",
            "color": "#3D414B",
            "fontSize": 17,
            "padding": 10,
          },
          Object {
            "fontSize": 16,
          },
        ],
        Object {
          "fontFamily": "nubabi",
          "fontStyle": "normal",
          "fontWeight": "normal",
        },
      ]
    }
  >
    
  </Text>
</View>
`;
