// Jest Snapshot v1, https://goo.gl/fbAQLP

exports[`it renders correctly 1`] = `
style = Object {
    "paddingBottom": 8,
    "paddingLeft": 16,
    "paddingRight": 16,
    "paddingTop": 8,
    "backgroundColor": "#FFFFFF",
    "borderColor": "#9EABBC",
    "borderBottomWidth": 0,
    "borderLeftWidth": 0,
    "borderRightWidth": 0,
    "borderTopWidth": 1,
    "alignItems": "center",
    "flexDirection": "row",
    "justifyContent": "center",
    "marginLeft": -20,
    "marginRight": 16,
    "fontSize": 13,
    "lineHeight": 16,
    "color": "#748294",
    "fontFamily": "SF Pro Text",
    "fontWeight": "300",
    "marginBottom": 16,
    "flex": 1,
    "borderBottomLeftRadius": 4,
    "borderBottomRightRadius": 4,
    "borderTopLeftRadius": 4,
    "borderTopRightRadius": 4,
    "shadowColor": "#000",
    "shadowOpacity": 0.15,
    "shadowRadius": 3,
    "shadowOffset": {
        "height": 1,
        "width": 0
    },
    "marginTop": 9,
    "height": 48,
    "width": 48,
    "overflow": "hidden",
    "letterSpacing": -0.71,
    "borderTopColor": "#E0E4E7"
}

<RCTScrollView
  hitSlop={
    Object {
      "bottom": 0,
      "left": 0,
      "right": 0,
      "top": 0,
    }
  }
  style={
    Object {
      "flex": 1,
    }
  }
>
  <View>
    <View
      style={
        Object {
          "alignItems": "center",
          "backgroundColor": "#FFFFFF",
          "borderBottomWidth": 1,
          "borderColor": "rgba(0,0,0,.1)",
          "borderLeftWidth": 0,
          "borderRightWidth": 0,
          "borderTopWidth": 1,
          "flexDirection": "row",
          "justifyContent": "center",
          "paddingBottom": 24.8,
          "paddingLeft": 24.8,
          "paddingRight": 24.8,
          "paddingTop": 24.8,
        }
      }
    >
      <Text
        accessible={true}
        allowFontScaling={false}
        ellipsizeMode="tail"
        style={
          Array [
            Object {
              "color": "#EA3154",
              "fontSize": 12,
            },
            undefined,
            Object {
              "fontFamily": "nubabi",
              "fontStyle": "normal",
              "fontWeight": "normal",
            },
          ]
        }
      >
        
      </Text>
      <Text
        accessible={true}
        allowFontScaling={true}
        ellipsizeMode="tail"
        spacing={-0.88}
        style={
          Object {
            "borderBottomWidth": 0,
            "borderColor": "#9EABBC",
            "borderLeftWidth": 0,
            "borderRightWidth": 0,
            "borderTopWidth": 0,
            "color": "#748294",
            "fontFamily": "SF Pro Text",
            "fontSize": 13.866666666666667,
            "fontWeight": "500",
            "lineHeight": 16,
            "marginLeft": 16,
            "marginRight": 16,
          }
        }
      >
        TestBaby
         is 
        0 weeks old
      </Text>
    </View>
    <View
      contentSpacing={true}
      style={
        Object {
          "borderBottomWidth": 0,
          "borderColor": "#9EABBC",
          "borderLeftWidth": 0,
          "borderRightWidth": 0,
          "borderTopWidth": 0,
          "paddingBottom": 10,
          "paddingLeft": 10,
          "paddingRight": 10,
          "paddingTop": 10,
        }
      }
    >
      <View
        onLayout={[Function]}
        style={
          Object {
            "alignItems": "stretch",
            "backgroundColor": "#FFFFFF",
            "borderBottomLeftRadius": 4,
            "borderBottomRightRadius": 4,
            "borderBottomWidth": 0,
            "borderColor": "#9EABBC",
            "borderLeftWidth": 0,
            "borderRightWidth": 0,
            "borderTopLeftRadius": 4,
            "borderTopRightRadius": 4,
            "borderTopWidth": 0,
            "flex": 1,
            "justifyContent": "flex-start",
            "marginBottom": 16,
            "paddingBottom": 0,
            "paddingLeft": 0,
            "paddingRight": 0,
            "paddingTop": 0,
            "shadowColor": "#000",
            "shadowOffset": Object {
              "height": 1,
              "width": 0,
            },
            "shadowOpacity": 0.15,
            "shadowRadius": 3,
          }
        }
      >
        <View
          style={
            Object {
              "borderBottomWidth": 0,
              "borderColor": "#9EABBC",
              "borderLeftWidth": 0,
              "borderRightWidth": 0,
              "borderTopWidth": 0,
            }
          }
        >
          <View
            style={
              Object {
                "borderBottomWidth": 0,
                "borderColor": "#9EABBC",
                "borderLeftWidth": 0,
                "borderRightWidth": 0,
                "borderTopWidth": 0,
                "flexDirection": "row",
                "justifyContent": "space-around",
              }
            }
          >
            <View
              style={
                Object {
                  "borderBottomWidth": 0,
                  "borderColor": "#9EABBC",
                  "borderLeftWidth": 0,
                  "borderRightWidth": 0,
                  "borderTopWidth": 0,
                  "marginBottom": 16,
                  "marginLeft": 16,
                  "marginRight": 16,
                  "marginTop": 16,
                }
              }
            >
              <Image
                source={
                  Object {
                    "testUri": "../../../src/common/images/growth_introduction.png",
                  }
                }
                style={
                  Object {
                    "borderBottomWidth": 0,
                    "borderColor": "#9EABBC",
                    "borderLeftWidth": 0,
                    "borderRightWidth": 0,
                    "borderTopWidth": 0,
                    "height": 48,
                    "width": 48,
                  }
                }
              />
            </View>
            <View
              style={
                Object {
                  "borderBottomWidth": 0,
                  "borderColor": "#9EABBC",
                  "borderLeftWidth": 0,
                  "borderRightWidth": 0,
                  "borderTopWidth": 0,
                  "flex": 1,
                  "marginBottom": 16,
                  "marginRight": 16,
                  "marginTop": 16,
                }
              }
            >
              <View
                style={
                  Array [
                    Object {},
                    Object {
                      "flex": 1,
                    },
                  ]
                }
              >
                <Text
                  accessible={true}
                  allowFontScaling={true}
                  ellipsizeMode="tail"
                  style={
                    Object {
                      "color": "#748294",
                      "fontSize": 12,
                      "lineHeight": 17,
                      "marginBottom": 10,
                    }
                  }
                >
                  <Text
                    accessible={true}
                    allowFontScaling={true}
                    ellipsizeMode="tail"
                    style={
                      Array [
                        Object {},
                        undefined,
                      ]
                    }
                  >
                    My 
                  </Text>
                  <Text
                    accessible={true}
                    allowFontScaling={true}
                    ellipsizeMode="tail"
                    style={
                      Array [
                        Object {},
                        undefined,
                      ]
                    }
                  >
                    Test 
                  </Text>
                  <Text
                    accessible={true}
                    allowFontScaling={true}
                    ellipsizeMode="tail"
                    style={
                      Array [
                        Object {},
                        undefined,
                      ]
                    }
                  >
                    Baby 
                  </Text>
                  <Text
                    accessible={true}
                    allowFontScaling={true}
                    ellipsizeMode="tail"
                    style={
                      Array [
                        Object {},
                        undefined,
                      ]
                    }
                  >
                    intro
                  </Text>
                </Text>
              </View>
            </View>
            <View
              accessibilityComponentType={undefined}
              accessibilityLabel={undefined}
              accessibilityTraits={undefined}
              accessible={true}
              collapsable={undefined}
              hitSlop={undefined}
              isTVSelectable={true}
              nativeID={undefined}
              onLayout={undefined}
              onResponderGrant={[Function]}
              onResponderMove={[Function]}
              onResponderRelease={[Function]}
              onResponderTerminate={[Function]}
              onResponderTerminationRequest={[Function]}
              onStartShouldSetResponder={[Function]}
              style={
                Object {
                  "margin": 10,
                  "opacity": 1,
                  "padding": 5,
                }
              }
              testID={undefined}
              tvParallaxProperties={undefined}
            >
              <Text
                accessible={true}
                allowFontScaling={false}
                ellipsizeMode="tail"
                style={
                  Array [
                    Object {
                      "color": undefined,
                      "fontSize": 20,
                    },
                    undefined,
                    Object {
                      "fontFamily": "Ionicons",
                      "fontStyle": "normal",
                      "fontWeight": "normal",
                    },
                  ]
                }
              >
                
              </Text>
            </View>
          </View>
        </View>
      </View>
      <View
        accessibilityComponentType={undefined}
        accessibilityLabel={undefined}
        accessibilityTraits={undefined}
        accessible={true}
        collapsable={undefined}
        hitSlop={undefined}
        isTVSelectable={true}
        nativeID={undefined}
        onLayout={[Function]}
        onResponderGrant={[Function]}
        onResponderMove={[Function]}
        onResponderRelease={[Function]}
        onResponderTerminate={[Function]}
        onResponderTerminationRequest={[Function]}
        onStartShouldSetResponder={[Function]}
        style={
          Object {
            "alignItems": "stretch",
            "backgroundColor": "#FFFFFF",
            "borderBottomLeftRadius": 4,
            "borderBottomRightRadius": 4,
            "borderBottomWidth": 0,
            "borderColor": "#9EABBC",
            "borderLeftWidth": 0,
            "borderRightWidth": 0,
            "borderTopLeftRadius": 4,
            "borderTopRightRadius": 4,
            "borderTopWidth": 0,
            "flex": 1,
            "justifyContent": "center",
            "marginBottom": 16,
            "opacity": 1,
            "paddingBottom": 0,
            "paddingLeft": 0,
            "paddingRight": 0,
            "paddingTop": 0,
            "shadowColor": "#000",
            "shadowOffset": Object {
              "height": 1,
              "width": 0,
            },
            "shadowOpacity": 0.15,
            "shadowRadius": 3,
          }
        }
        testID={undefined}
        tvParallaxProperties={undefined}
      >
        <View
          style={
            Object {
              "borderBottomLeftRadius": 4,
              "borderBottomRightRadius": 4,
              "borderBottomWidth": 0,
              "borderColor": "#9EABBC",
              "borderLeftWidth": 0,
              "borderRightWidth": 0,
              "borderTopLeftRadius": 4,
              "borderTopRightRadius": 4,
              "borderTopWidth": 0,
              "flex": 1,
              "overflow": "hidden",
            }
          }
        >
          <View
            style={
              Array [
                Object {
                  "flex": 1,
                },
                Object {
                  "height": 300,
                  "width": 728,
                },
              ]
            }
          >
            <Image
              resizeMode="cover"
              source={
                Object {
                  "testUri": "../../../src/common/images/growth-what-you-need-to-know.jpg",
                }
              }
              style={
                Array [
                  Object {
                    "bottom": 0,
                    "left": 0,
                    "position": "absolute",
                    "right": 0,
                    "top": 0,
                  },
                  Object {
                    "height": undefined,
                    "width": undefined,
                  },
                  undefined,
                ]
              }
            />
            <View
              style={
                Object {
                  "flex": 1,
                }
              }
            >
              <View
                style={
                  Array [
                    Object {
                      "alignItems": "center",
                      "backgroundColor": "rgb(116, 130, 148)",
                      "bottom": 0,
                      "flex": 1,
                      "justifyContent": "center",
                      "left": 0,
                      "opacity": 0.4,
                      "position": "absolute",
                      "right": 0,
                      "top": 0,
                    },
                    Object {},
                  ]
                }
              />
            </View>
          </View>
          <View
            style={
              Object {
                "alignItems": "center",
                "borderBottomWidth": 0,
                "borderColor": "#9EABBC",
                "borderLeftWidth": 0,
                "borderRightWidth": 0,
                "borderTopWidth": 0,
                "flexDirection": "row",
                "justifyContent": "center",
                "paddingBottom": 8,
                "paddingLeft": 16,
                "paddingRight": 16,
                "paddingTop": 8,
              }
            }
          >
            <Text
              accessible={true}
              allowFontScaling={true}
              ellipsizeMode="tail"
              style={
                Object {
                  "borderBottomWidth": 0,
                  "borderColor": "#9EABBC",
                  "borderLeftWidth": 0,
                  "borderRightWidth": 0,
                  "borderTopWidth": 0,
                  "color": "#454D56",
                  "flex": 1,
                  "fontFamily": "SF Pro Display",
                  "fontSize": 16.828997530864196,
                  "lineHeight": 32,
                }
              }
            >
              What you need to know
            </Text>
            <View
              style={
                Object {
                  "alignItems": "center",
                  "borderBottomWidth": 0,
                  "borderColor": "#9EABBC",
                  "borderLeftWidth": 0,
                  "borderRightWidth": 0,
                  "borderTopWidth": 0,
                  "justifyContent": "center",
                }
              }
            >
              <Text
                accessible={true}
                allowFontScaling={false}
                ellipsizeMode="tail"
                style={
                  Array [
                    Object {
                      "color": "#748294",
                      "fontSize": 20,
                    },
                    undefined,
                    Object {
                      "fontFamily": "Ionicons",
                      "fontStyle": "normal",
                      "fontWeight": "normal",
                    },
                  ]
                }
              >
                
              </Text>
            </View>
          </View>
        </View>
      </View>
      <View
        accessibilityComponentType={undefined}
        accessibilityLabel={undefined}
        accessibilityTraits={undefined}
        accessible={true}
        collapsable={undefined}
        hitSlop={undefined}
        isTVSelectable={true}
        nativeID={undefined}
        onLayout={[Function]}
        onResponderGrant={[Function]}
        onResponderMove={[Function]}
        onResponderRelease={[Function]}
        onResponderTerminate={[Function]}
        onResponderTerminationRequest={[Function]}
        onStartShouldSetResponder={[Function]}
        style={
          Object {
            "alignItems": "stretch",
            "backgroundColor": "#FFFFFF",
            "borderBottomLeftRadius": 4,
            "borderBottomRightRadius": 4,
            "borderBottomWidth": 0,
            "borderColor": "#9EABBC",
            "borderLeftWidth": 0,
            "borderRightWidth": 0,
            "borderTopLeftRadius": 4,
            "borderTopRightRadius": 4,
            "borderTopWidth": 0,
            "flex": 1,
            "justifyContent": "center",
            "marginBottom": 16,
            "opacity": 1,
            "paddingBottom": 0,
            "paddingLeft": 0,
            "paddingRight": 0,
            "paddingTop": 0,
            "shadowColor": "#000",
            "shadowOffset": Object {
              "height": 1,
              "width": 0,
            },
            "shadowOpacity": 0.15,
            "shadowRadius": 3,
          }
        }
        testID={undefined}
        tvParallaxProperties={undefined}
      >
        <View
          style={
            Object {
              "borderBottomWidth": 0,
              "borderColor": "#9EABBC",
              "borderLeftWidth": 0,
              "borderRightWidth": 0,
              "borderTopWidth": 0,
              "flex": 1,
              "paddingBottom": 32,
              "paddingLeft": 16,
              "paddingRight": 16,
              "paddingTop": 32,
            }
          }
        >
          <View
            style={
              Object {
                "alignItems": "center",
                "borderBottomWidth": 0,
                "borderColor": "#9EABBC",
                "borderLeftWidth": 0,
                "borderRightWidth": 0,
                "borderTopWidth": 0,
                "flexDirection": "row",
                "justifyContent": "flex-start",
              }
            }
          >
            <View
              style={
                Object {
                  "borderBottomWidth": 0,
                  "borderColor": "#9EABBC",
                  "borderLeftWidth": 0,
                  "borderRightWidth": 0,
                  "borderTopWidth": 0,
                  "flex": 1,
                  "flexDirection": "row",
                }
              }
            >
              <Image
                resizeMode="contain"
                source={
                  Object {
                    "testUri": "../../../src/common/images/growth-chart-button-weight.png",
                  }
                }
                style={
                  Object {
                    "flex": 1,
                    "height": 69,
                  }
                }
              />
              <View
                style={
                  Object {
                    "borderBottomWidth": 0,
                    "borderColor": "#9EABBC",
                    "borderLeftWidth": 0,
                    "borderRightWidth": 0,
                    "borderTopWidth": 0,
                  }
                }
              >
                <View
                  style={
                    Object {
                      "alignItems": "center",
                      "borderBottomWidth": 0,
                      "borderColor": "#9EABBC",
                      "borderLeftWidth": 0,
                      "borderRightWidth": 0,
                      "borderTopWidth": 0,
                      "flex": 1,
                      "flexDirection": "row",
                    }
                  }
                >
                  <Text
                    accessible={true}
                    allowFontScaling={true}
                    ellipsizeMode="tail"
                    style={
                      Object {
                        "borderBottomWidth": 0,
                        "borderColor": "#9EABBC",
                        "borderLeftWidth": 0,
                        "borderRightWidth": 0,
                        "borderTopWidth": 0,
                        "color": "#454D56",
                        "fontFamily": "SF Pro Display",
                        "fontSize": 32.08820937230901,
                        "fontWeight": "300",
                        "letterSpacing": -0.71,
                        "lineHeight": 48,
                      }
                    }
                  >
                    N/A
                  </Text>
                  <Text
                    accessible={true}
                    allowFontScaling={true}
                    ellipsizeMode="tail"
                    style={
                      Object {
                        "borderBottomWidth": 0,
                        "borderColor": "#9EABBC",
                        "borderLeftWidth": 0,
                        "borderRightWidth": 0,
                        "borderTopWidth": 0,
                        "color": "#454D56",
                        "fontFamily": "SF Pro Display",
                        "fontSize": 19.147659412894374,
                        "fontWeight": "300",
                        "lineHeight": 32,
                        "marginLeft": 2,
                        "marginTop": 9,
                      }
                    }
                  >
                    kg
                  </Text>
                </View>
                <View
                  style={
                    Object {
                      "borderBottomWidth": 0,
                      "borderColor": "#9EABBC",
                      "borderLeftWidth": 0,
                      "borderRightWidth": 0,
                      "borderTopWidth": 0,
                      "justifyContent": "flex-end",
                    }
                  }
                >
                  <Text
                    accessible={true}
                    allowFontScaling={true}
                    ellipsizeMode="tail"
                    style={
                      Object {
                        "borderBottomWidth": 0,
                        "borderColor": "#9EABBC",
                        "borderLeftWidth": 0,
                        "borderRightWidth": 0,
                        "borderTopWidth": 0,
                        "color": "#748294",
                        "fontFamily": "SF Pro Text",
                        "fontSize": 13,
                        "lineHeight": 16,
                      }
                    }
                  >
                    N/A
                  </Text>
                </View>
              </View>
            </View>
            <View
              style={
                Object {
                  "borderBottomWidth": 0,
                  "borderColor": "#9EABBC",
                  "borderLeftWidth": 0,
                  "borderRightWidth": 0,
                  "borderTopWidth": 0,
                  "flex": 1,
                  "flexDirection": "row",
                }
              }
            >
              <Image
                resizeMode="contain"
                source={
                  Object {
                    "testUri": "../../../src/common/images/growth-chart-button-height.png",
                  }
                }
                style={
                  Object {
                    "flex": 1,
                    "height": 69,
                    "marginLeft": -20,
                    "width": 23,
                  }
                }
              />
              <View
                style={
                  Object {
                    "borderBottomWidth": 0,
                    "borderColor": "#9EABBC",
                    "borderLeftWidth": 0,
                    "borderRightWidth": 0,
                    "borderTopWidth": 0,
                    "flex": 1,
                    "justifyContent": "center",
                    "marginLeft": -20,
                  }
                }
              >
                <View
                  style={
                    Object {
                      "alignItems": "center",
                      "borderBottomWidth": 0,
                      "borderColor": "#9EABBC",
                      "borderLeftWidth": 0,
                      "borderRightWidth": 0,
                      "borderTopWidth": 0,
                      "flex": 1,
                      "flexDirection": "row",
                    }
                  }
                >
                  <Text
                    accessible={true}
                    allowFontScaling={true}
                    ellipsizeMode="tail"
                    style={
                      Object {
                        "borderBottomWidth": 0,
                        "borderColor": "#9EABBC",
                        "borderLeftWidth": 0,
                        "borderRightWidth": 0,
                        "borderTopWidth": 0,
                        "color": "#454D56",
                        "fontFamily": "SF Pro Display",
                        "fontSize": 32.08820937230901,
                        "fontWeight": "300",
                        "letterSpacing": -0.71,
                        "lineHeight": 48,
                      }
                    }
                  >
                    N/A
                  </Text>
                  <Text
                    accessible={true}
                    allowFontScaling={true}
                    ellipsizeMode="tail"
                    style={
                      Object {
                        "borderBottomWidth": 0,
                        "borderColor": "#9EABBC",
                        "borderLeftWidth": 0,
                        "borderRightWidth": 0,
                        "borderTopWidth": 0,
                        "color": "#454D56",
                        "fontFamily": "SF Pro Display",
                        "fontSize": 19.147659412894374,
                        "fontWeight": "300",
                        "lineHeight": 32,
                        "marginLeft": 2,
                        "marginTop": 9,
                      }
                    }
                  >
                    cm
                  </Text>
                </View>
                <View
                  style={
                    Object {
                      "borderBottomWidth": 0,
                      "borderColor": "#9EABBC",
                      "borderLeftWidth": 0,
                      "borderRightWidth": 0,
                      "borderTopWidth": 0,
                      "justifyContent": "flex-end",
                    }
                  }
                >
                  <Text
                    accessible={true}
                    allowFontScaling={true}
                    ellipsizeMode="tail"
                    style={
                      Object {
                        "borderBottomWidth": 0,
                        "borderColor": "#9EABBC",
                        "borderLeftWidth": 0,
                        "borderRightWidth": 0,
                        "borderTopWidth": 0,
                        "color": "#748294",
                        "fontFamily": "SF Pro Text",
                        "fontSize": 13,
                        "lineHeight": 16,
                      }
                    }
                  >
                    N/A
                  </Text>
                </View>
              </View>
            </View>
          </View>
        </View>
        <View
          style={
            Object {
              "alignItems": "center",
              "borderBottomWidth": 0,
              "borderColor": "#9EABBC",
              "borderLeftWidth": 0,
              "borderRightWidth": 0,
              "borderTopColor": "#E0E4E7",
              "borderTopWidth": 1,
              "flexDirection": "row",
              "justifyContent": "center",
              "paddingBottom": 8,
              "paddingLeft": 16,
              "paddingRight": 16,
              "paddingTop": 8,
            }
          }
        >
          <Text
            accessible={true}
            allowFontScaling={true}
            ellipsizeMode="tail"
            style={
              Object {
                "borderBottomWidth": 0,
                "borderColor": "#9EABBC",
                "borderLeftWidth": 0,
                "borderRightWidth": 0,
                "borderTopWidth": 0,
                "color": "#454D56",
                "flex": 1,
                "fontFamily": "SF Pro Display",
                "fontSize": 16.828997530864196,
                "lineHeight": 32,
              }
            }
          >
            TestBaby's
             Growth Chart
          </Text>
          <View
            style={
              Object {
                "alignItems": "center",
                "borderBottomWidth": 0,
                "borderColor": "#9EABBC",
                "borderLeftWidth": 0,
                "borderRightWidth": 0,
                "borderTopWidth": 0,
                "justifyContent": "center",
              }
            }
          >
            <Text
              accessible={true}
              allowFontScaling={false}
              ellipsizeMode="tail"
              style={
                Array [
                  Object {
                    "color": "#748294",
                    "fontSize": 20,
                  },
                  undefined,
                  Object {
                    "fontFamily": "Ionicons",
                    "fontStyle": "normal",
                    "fontWeight": "normal",
                  },
                ]
              }
            >
              
            </Text>
          </View>
        </View>
      </View>
    </View>
  </View>
</RCTScrollView>
`;

exports[`it renders correctly 2`] = `
style = Object {
    "paddingBottom": 8,
    "paddingLeft": 16,
    "paddingRight": 16,
    "paddingTop": 8,
    "backgroundColor": "#FFFFFF",
    "borderColor": "#9EABBC",
    "borderBottomWidth": 0,
    "borderLeftWidth": 0,
    "borderRightWidth": 0,
    "borderTopWidth": 1,
    "alignItems": "center",
    "flexDirection": "row",
    "justifyContent": "center",
    "marginLeft": -20,
    "marginRight": 16,
    "fontSize": 13,
    "lineHeight": 16,
    "color": "#748294",
    "fontFamily": "SF Pro Text",
    "fontWeight": "300",
    "marginBottom": 16,
    "flex": 1,
    "borderBottomLeftRadius": 4,
    "borderBottomRightRadius": 4,
    "borderTopLeftRadius": 4,
    "borderTopRightRadius": 4,
    "shadowColor": "#000",
    "shadowOpacity": 0.15,
    "shadowRadius": 3,
    "shadowOffset": {
        "height": 1,
        "width": 0
    },
    "marginTop": 9,
    "height": 48,
    "width": 48,
    "overflow": "hidden",
    "letterSpacing": -0.71,
    "borderTopColor": "#E0E4E7"
}

<RCTScrollView
  hitSlop={
    Object {
      "bottom": 0,
      "left": 0,
      "right": 0,
      "top": 0,
    }
  }
  style={
    Object {
      "flex": 1,
    }
  }
>
  <View>
    <View
      style={
        Object {
          "alignItems": "center",
          "backgroundColor": "#FFFFFF",
          "borderBottomWidth": 1,
          "borderColor": "rgba(0,0,0,.1)",
          "borderLeftWidth": 0,
          "borderRightWidth": 0,
          "borderTopWidth": 1,
          "flexDirection": "row",
          "justifyContent": "center",
          "paddingBottom": 24.8,
          "paddingLeft": 24.8,
          "paddingRight": 24.8,
          "paddingTop": 24.8,
        }
      }
    >
      <Text
        accessible={true}
        allowFontScaling={false}
        ellipsizeMode="tail"
        style={
          Array [
            Object {
              "color": "#EA3154",
              "fontSize": 12,
            },
            undefined,
            Object {
              "fontFamily": "nubabi",
              "fontStyle": "normal",
              "fontWeight": "normal",
            },
          ]
        }
      >
        
      </Text>
      <Text
        accessible={true}
        allowFontScaling={true}
        ellipsizeMode="tail"
        spacing={-0.88}
        style={
          Object {
            "borderBottomWidth": 0,
            "borderColor": "#9EABBC",
            "borderLeftWidth": 0,
            "borderRightWidth": 0,
            "borderTopWidth": 0,
            "color": "#748294",
            "fontFamily": "SF Pro Text",
            "fontSize": 13.866666666666667,
            "fontWeight": "500",
            "lineHeight": 16,
            "marginLeft": 16,
            "marginRight": 16,
          }
        }
      >
        TestBaby
         is 
        0 weeks old
      </Text>
    </View>
    <View
      contentSpacing={true}
      style={
        Object {
          "borderBottomWidth": 0,
          "borderColor": "#9EABBC",
          "borderLeftWidth": 0,
          "borderRightWidth": 0,
          "borderTopWidth": 0,
          "paddingBottom": 10,
          "paddingLeft": 10,
          "paddingRight": 10,
          "paddingTop": 10,
        }
      }
    >
      <View
        onLayout={[Function]}
        style={
          Object {
            "alignItems": "stretch",
            "backgroundColor": "#FFFFFF",
            "borderBottomLeftRadius": 4,
            "borderBottomRightRadius": 4,
            "borderBottomWidth": 0,
            "borderColor": "#9EABBC",
            "borderLeftWidth": 0,
            "borderRightWidth": 0,
            "borderTopLeftRadius": 4,
            "borderTopRightRadius": 4,
            "borderTopWidth": 0,
            "flex": 1,
            "justifyContent": "flex-start",
            "marginBottom": 16,
            "paddingBottom": 0,
            "paddingLeft": 0,
            "paddingRight": 0,
            "paddingTop": 0,
            "shadowColor": "#000",
            "shadowOffset": Object {
              "height": 1,
              "width": 0,
            },
            "shadowOpacity": 0.15,
            "shadowRadius": 3,
          }
        }
      >
        <View
          style={
            Object {
              "borderBottomWidth": 0,
              "borderColor": "#9EABBC",
              "borderLeftWidth": 0,
              "borderRightWidth": 0,
              "borderTopWidth": 0,
            }
          }
        >
          <View
            style={
              Object {
                "borderBottomWidth": 0,
                "borderColor": "#9EABBC",
                "borderLeftWidth": 0,
                "borderRightWidth": 0,
                "borderTopWidth": 0,
                "flexDirection": "row",
                "justifyContent": "space-around",
              }
            }
          >
            <View
              style={
                Object {
                  "borderBottomWidth": 0,
                  "borderColor": "#9EABBC",
                  "borderLeftWidth": 0,
                  "borderRightWidth": 0,
                  "borderTopWidth": 0,
                  "marginBottom": 16,
                  "marginLeft": 16,
                  "marginRight": 16,
                  "marginTop": 16,
                }
              }
            >
              <Image
                source={
                  Object {
                    "testUri": "../../../src/common/images/growth_introduction.png",
                  }
                }
                style={
                  Object {
                    "borderBottomWidth": 0,
                    "borderColor": "#9EABBC",
                    "borderLeftWidth": 0,
                    "borderRightWidth": 0,
                    "borderTopWidth": 0,
                    "height": 48,
                    "width": 48,
                  }
                }
              />
            </View>
            <View
              style={
                Object {
                  "borderBottomWidth": 0,
                  "borderColor": "#9EABBC",
                  "borderLeftWidth": 0,
                  "borderRightWidth": 0,
                  "borderTopWidth": 0,
                  "flex": 1,
                  "marginBottom": 16,
                  "marginRight": 16,
                  "marginTop": 16,
                }
              }
            >
              <View
                style={
                  Array [
                    Object {
                      "flex": 1,
                    },
                    Object {
                      "flex": 1,
                    },
                  ]
                }
              >
                <Text
                  accessible={true}
                  allowFontScaling={true}
                  ellipsizeMode="tail"
                  style={
                    Object {
                      "color": "#748294",
                      "fontSize": 12,
                      "lineHeight": 17,
                      "marginBottom": 10,
                    }
                  }
                >
                  <Text
                    accessible={true}
                    allowFontScaling={true}
                    ellipsizeMode="tail"
                    style={
                      Array [
                        Object {},
                        undefined,
                      ]
                    }
                  >
                    My 
                  </Text>
                  <Text
                    accessible={true}
                    allowFontScaling={true}
                    ellipsizeMode="tail"
                    style={
                      Array [
                        Object {},
                        undefined,
                      ]
                    }
                  >
                    Test 
                  </Text>
                  <Text
                    accessible={true}
                    allowFontScaling={true}
                    ellipsizeMode="tail"
                    style={
                      Array [
                        Object {},
                        undefined,
                      ]
                    }
                  >
                    Baby 
                  </Text>
                  <Text
                    accessible={true}
                    allowFontScaling={true}
                    ellipsizeMode="tail"
                    style={
                      Array [
                        Object {},
                        undefined,
                      ]
                    }
                  >
                    intro
                  </Text>
                </Text>
              </View>
            </View>
            <View
              accessibilityComponentType={undefined}
              accessibilityLabel={undefined}
              accessibilityTraits={undefined}
              accessible={true}
              collapsable={undefined}
              hitSlop={undefined}
              isTVSelectable={true}
              nativeID={undefined}
              onLayout={undefined}
              onResponderGrant={[Function]}
              onResponderMove={[Function]}
              onResponderRelease={[Function]}
              onResponderTerminate={[Function]}
              onResponderTerminationRequest={[Function]}
              onStartShouldSetResponder={[Function]}
              style={
                Object {
                  "margin": 10,
                  "opacity": 1,
                  "padding": 5,
                }
              }
              testID={undefined}
              tvParallaxProperties={undefined}
            >
              <Text
                accessible={true}
                allowFontScaling={false}
                ellipsizeMode="tail"
                style={
                  Array [
                    Object {
                      "color": undefined,
                      "fontSize": 20,
                    },
                    undefined,
                    Object {
                      "fontFamily": "Ionicons",
                      "fontStyle": "normal",
                      "fontWeight": "normal",
                    },
                  ]
                }
              >
                
              </Text>
            </View>
          </View>
        </View>
      </View>
      <View
        accessibilityComponentType={undefined}
        accessibilityLabel={undefined}
        accessibilityTraits={undefined}
        accessible={true}
        collapsable={undefined}
        hitSlop={undefined}
        isTVSelectable={true}
        nativeID={undefined}
        onLayout={[Function]}
        onResponderGrant={[Function]}
        onResponderMove={[Function]}
        onResponderRelease={[Function]}
        onResponderTerminate={[Function]}
        onResponderTerminationRequest={[Function]}
        onStartShouldSetResponder={[Function]}
        style={
          Object {
            "alignItems": "stretch",
            "backgroundColor": "#FFFFFF",
            "borderBottomLeftRadius": 4,
            "borderBottomRightRadius": 4,
            "borderBottomWidth": 0,
            "borderColor": "#9EABBC",
            "borderLeftWidth": 0,
            "borderRightWidth": 0,
            "borderTopLeftRadius": 4,
            "borderTopRightRadius": 4,
            "borderTopWidth": 0,
            "flex": 1,
            "justifyContent": "center",
            "marginBottom": 16,
            "opacity": 1,
            "paddingBottom": 0,
            "paddingLeft": 0,
            "paddingRight": 0,
            "paddingTop": 0,
            "shadowColor": "#000",
            "shadowOffset": Object {
              "height": 1,
              "width": 0,
            },
            "shadowOpacity": 0.15,
            "shadowRadius": 3,
          }
        }
        testID={undefined}
        tvParallaxProperties={undefined}
      >
        <View
          style={
            Object {
              "borderBottomLeftRadius": 4,
              "borderBottomRightRadius": 4,
              "borderBottomWidth": 0,
              "borderColor": "#9EABBC",
              "borderLeftWidth": 0,
              "borderRightWidth": 0,
              "borderTopLeftRadius": 4,
              "borderTopRightRadius": 4,
              "borderTopWidth": 0,
              "flex": 1,
              "overflow": "hidden",
            }
          }
        >
          <View
            style={
              Array [
                Object {
                  "flex": 1,
                },
                Object {
                  "height": 300,
                  "width": 728,
                },
              ]
            }
          >
            <Image
              resizeMode="cover"
              source={
                Object {
                  "testUri": "../../../src/common/images/growth-what-you-need-to-know.jpg",
                }
              }
              style={
                Array [
                  Object {
                    "bottom": 0,
                    "left": 0,
                    "position": "absolute",
                    "right": 0,
                    "top": 0,
                  },
                  Object {
                    "height": undefined,
                    "width": undefined,
                  },
                  undefined,
                ]
              }
            />
            <View
              style={
                Object {
                  "flex": 1,
                }
              }
            >
              <View
                style={
                  Array [
                    Object {
                      "alignItems": "center",
                      "backgroundColor": "rgb(116, 130, 148)",
                      "bottom": 0,
                      "flex": 1,
                      "justifyContent": "center",
                      "left": 0,
                      "opacity": 0.4,
                      "position": "absolute",
                      "right": 0,
                      "top": 0,
                    },
                    Object {},
                  ]
                }
              />
            </View>
          </View>
          <View
            style={
              Object {
                "alignItems": "center",
                "borderBottomWidth": 0,
                "borderColor": "#9EABBC",
                "borderLeftWidth": 0,
                "borderRightWidth": 0,
                "borderTopWidth": 0,
                "flexDirection": "row",
                "justifyContent": "center",
                "paddingBottom": 8,
                "paddingLeft": 16,
                "paddingRight": 16,
                "paddingTop": 8,
              }
            }
          >
            <Text
              accessible={true}
              allowFontScaling={true}
              ellipsizeMode="tail"
              style={
                Object {
                  "borderBottomWidth": 0,
                  "borderColor": "#9EABBC",
                  "borderLeftWidth": 0,
                  "borderRightWidth": 0,
                  "borderTopWidth": 0,
                  "color": "#454D56",
                  "flex": 1,
                  "fontFamily": "SF Pro Display",
                  "fontSize": 16.828997530864196,
                  "lineHeight": 32,
                }
              }
            >
              What you need to know
            </Text>
            <View
              style={
                Object {
                  "alignItems": "center",
                  "borderBottomWidth": 0,
                  "borderColor": "#9EABBC",
                  "borderLeftWidth": 0,
                  "borderRightWidth": 0,
                  "borderTopWidth": 0,
                  "justifyContent": "center",
                }
              }
            >
              <Text
                accessible={true}
                allowFontScaling={false}
                ellipsizeMode="tail"
                style={
                  Array [
                    Object {
                      "color": "#748294",
                      "fontSize": 20,
                    },
                    undefined,
                    Object {
                      "fontFamily": "Ionicons",
                      "fontStyle": "normal",
                      "fontWeight": "normal",
                    },
                  ]
                }
              >
                
              </Text>
            </View>
          </View>
        </View>
      </View>
      <View
        accessibilityComponentType={undefined}
        accessibilityLabel={undefined}
        accessibilityTraits={undefined}
        accessible={true}
        collapsable={undefined}
        hitSlop={undefined}
        isTVSelectable={true}
        nativeID={undefined}
        onLayout={[Function]}
        onResponderGrant={[Function]}
        onResponderMove={[Function]}
        onResponderRelease={[Function]}
        onResponderTerminate={[Function]}
        onResponderTerminationRequest={[Function]}
        onStartShouldSetResponder={[Function]}
        style={
          Object {
            "alignItems": "stretch",
            "backgroundColor": "#FFFFFF",
            "borderBottomLeftRadius": 4,
            "borderBottomRightRadius": 4,
            "borderBottomWidth": 0,
            "borderColor": "#9EABBC",
            "borderLeftWidth": 0,
            "borderRightWidth": 0,
            "borderTopLeftRadius": 4,
            "borderTopRightRadius": 4,
            "borderTopWidth": 0,
            "flex": 1,
            "justifyContent": "center",
            "marginBottom": 16,
            "opacity": 1,
            "paddingBottom": 0,
            "paddingLeft": 0,
            "paddingRight": 0,
            "paddingTop": 0,
            "shadowColor": "#000",
            "shadowOffset": Object {
              "height": 1,
              "width": 0,
            },
            "shadowOpacity": 0.15,
            "shadowRadius": 3,
          }
        }
        testID={undefined}
        tvParallaxProperties={undefined}
      >
        <View
          style={
            Object {
              "borderBottomWidth": 0,
              "borderColor": "#9EABBC",
              "borderLeftWidth": 0,
              "borderRightWidth": 0,
              "borderTopWidth": 0,
              "flex": 1,
              "paddingBottom": 32,
              "paddingLeft": 16,
              "paddingRight": 16,
              "paddingTop": 32,
            }
          }
        >
          <View
            style={
              Object {
                "alignItems": "center",
                "borderBottomWidth": 0,
                "borderColor": "#9EABBC",
                "borderLeftWidth": 0,
                "borderRightWidth": 0,
                "borderTopWidth": 0,
                "flexDirection": "row",
                "justifyContent": "flex-start",
              }
            }
          >
            <View
              style={
                Object {
                  "borderBottomWidth": 0,
                  "borderColor": "#9EABBC",
                  "borderLeftWidth": 0,
                  "borderRightWidth": 0,
                  "borderTopWidth": 0,
                  "flex": 1,
                  "flexDirection": "row",
                }
              }
            >
              <Image
                resizeMode="contain"
                source={
                  Object {
                    "testUri": "../../../src/common/images/growth-chart-button-weight.png",
                  }
                }
                style={
                  Object {
                    "flex": 1,
                    "height": 69,
                  }
                }
              />
              <View
                style={
                  Object {
                    "borderBottomWidth": 0,
                    "borderColor": "#9EABBC",
                    "borderLeftWidth": 0,
                    "borderRightWidth": 0,
                    "borderTopWidth": 0,
                  }
                }
              >
                <View
                  style={
                    Object {
                      "alignItems": "center",
                      "borderBottomWidth": 0,
                      "borderColor": "#9EABBC",
                      "borderLeftWidth": 0,
                      "borderRightWidth": 0,
                      "borderTopWidth": 0,
                      "flex": 1,
                      "flexDirection": "row",
                    }
                  }
                >
                  <Text
                    accessible={true}
                    allowFontScaling={true}
                    ellipsizeMode="tail"
                    style={
                      Object {
                        "borderBottomWidth": 0,
                        "borderColor": "#9EABBC",
                        "borderLeftWidth": 0,
                        "borderRightWidth": 0,
                        "borderTopWidth": 0,
                        "color": "#454D56",
                        "fontFamily": "SF Pro Display",
                        "fontSize": 32.08820937230901,
                        "fontWeight": "300",
                        "letterSpacing": -0.71,
                        "lineHeight": 48,
                      }
                    }
                  >
                    N/A
                  </Text>
                  <Text
                    accessible={true}
                    allowFontScaling={true}
                    ellipsizeMode="tail"
                    style={
                      Object {
                        "borderBottomWidth": 0,
                        "borderColor": "#9EABBC",
                        "borderLeftWidth": 0,
                        "borderRightWidth": 0,
                        "borderTopWidth": 0,
                        "color": "#454D56",
                        "fontFamily": "SF Pro Display",
                        "fontSize": 19.147659412894374,
                        "fontWeight": "300",
                        "lineHeight": 32,
                        "marginLeft": 2,
                        "marginTop": 9,
                      }
                    }
                  >
                    lbs
                  </Text>
                </View>
                <View
                  style={
                    Object {
                      "borderBottomWidth": 0,
                      "borderColor": "#9EABBC",
                      "borderLeftWidth": 0,
                      "borderRightWidth": 0,
                      "borderTopWidth": 0,
                      "justifyContent": "flex-end",
                    }
                  }
                >
                  <Text
                    accessible={true}
                    allowFontScaling={true}
                    ellipsizeMode="tail"
                    style={
                      Object {
                        "borderBottomWidth": 0,
                        "borderColor": "#9EABBC",
                        "borderLeftWidth": 0,
                        "borderRightWidth": 0,
                        "borderTopWidth": 0,
                        "color": "#748294",
                        "fontFamily": "SF Pro Text",
                        "fontSize": 13,
                        "lineHeight": 16,
                      }
                    }
                  >
                    N/A
                  </Text>
                </View>
              </View>
            </View>
            <View
              style={
                Object {
                  "borderBottomWidth": 0,
                  "borderColor": "#9EABBC",
                  "borderLeftWidth": 0,
                  "borderRightWidth": 0,
                  "borderTopWidth": 0,
                  "flex": 1,
                  "flexDirection": "row",
                }
              }
            >
              <Image
                resizeMode="contain"
                source={
                  Object {
                    "testUri": "../../../src/common/images/growth-chart-button-height.png",
                  }
                }
                style={
                  Object {
                    "flex": 1,
                    "height": 69,
                    "marginLeft": -20,
                    "width": 23,
                  }
                }
              />
              <View
                style={
                  Object {
                    "borderBottomWidth": 0,
                    "borderColor": "#9EABBC",
                    "borderLeftWidth": 0,
                    "borderRightWidth": 0,
                    "borderTopWidth": 0,
                    "flex": 1,
                    "justifyContent": "center",
                    "marginLeft": -20,
                  }
                }
              >
                <View
                  style={
                    Object {
                      "alignItems": "center",
                      "borderBottomWidth": 0,
                      "borderColor": "#9EABBC",
                      "borderLeftWidth": 0,
                      "borderRightWidth": 0,
                      "borderTopWidth": 0,
                      "flex": 1,
                      "flexDirection": "row",
                    }
                  }
                >
                  <Text
                    accessible={true}
                    allowFontScaling={true}
                    ellipsizeMode="tail"
                    style={
                      Object {
                        "borderBottomWidth": 0,
                        "borderColor": "#9EABBC",
                        "borderLeftWidth": 0,
                        "borderRightWidth": 0,
                        "borderTopWidth": 0,
                        "color": "#454D56",
                        "fontFamily": "SF Pro Display",
                        "fontSize": 32.08820937230901,
                        "fontWeight": "300",
                        "letterSpacing": -0.71,
                        "lineHeight": 48,
                      }
                    }
                  >
                    N/A
                  </Text>
                  <Text
                    accessible={true}
                    allowFontScaling={true}
                    ellipsizeMode="tail"
                    style={
                      Object {
                        "borderBottomWidth": 0,
                        "borderColor": "#9EABBC",
                        "borderLeftWidth": 0,
                        "borderRightWidth": 0,
                        "borderTopWidth": 0,
                        "color": "#454D56",
                        "fontFamily": "SF Pro Display",
                        "fontSize": 19.147659412894374,
                        "fontWeight": "300",
                        "lineHeight": 32,
                        "marginLeft": 2,
                        "marginTop": 9,
                      }
                    }
                  >
                    cm
                  </Text>
                </View>
                <View
                  style={
                    Object {
                      "borderBottomWidth": 0,
                      "borderColor": "#9EABBC",
                      "borderLeftWidth": 0,
                      "borderRightWidth": 0,
                      "borderTopWidth": 0,
                      "justifyContent": "flex-end",
                    }
                  }
                >
                  <Text
                    accessible={true}
                    allowFontScaling={true}
                    ellipsizeMode="tail"
                    style={
                      Object {
                        "borderBottomWidth": 0,
                        "borderColor": "#9EABBC",
                        "borderLeftWidth": 0,
                        "borderRightWidth": 0,
                        "borderTopWidth": 0,
                        "color": "#748294",
                        "fontFamily": "SF Pro Text",
                        "fontSize": 13,
                        "lineHeight": 16,
                      }
                    }
                  >
                    N/A
                  </Text>
                </View>
              </View>
            </View>
          </View>
        </View>
        <View
          style={
            Object {
              "alignItems": "center",
              "borderBottomWidth": 0,
              "borderColor": "#9EABBC",
              "borderLeftWidth": 0,
              "borderRightWidth": 0,
              "borderTopColor": "#E0E4E7",
              "borderTopWidth": 1,
              "flexDirection": "row",
              "justifyContent": "center",
              "paddingBottom": 8,
              "paddingLeft": 16,
              "paddingRight": 16,
              "paddingTop": 8,
            }
          }
        >
          <Text
            accessible={true}
            allowFontScaling={true}
            ellipsizeMode="tail"
            style={
              Object {
                "borderBottomWidth": 0,
                "borderColor": "#9EABBC",
                "borderLeftWidth": 0,
                "borderRightWidth": 0,
                "borderTopWidth": 0,
                "color": "#454D56",
                "flex": 1,
                "fontFamily": "SF Pro Display",
                "fontSize": 16.828997530864196,
                "lineHeight": 32,
              }
            }
          >
            TestBaby's
             Growth Chart
          </Text>
          <View
            style={
              Object {
                "alignItems": "center",
                "borderBottomWidth": 0,
                "borderColor": "#9EABBC",
                "borderLeftWidth": 0,
                "borderRightWidth": 0,
                "borderTopWidth": 0,
                "justifyContent": "center",
              }
            }
          >
            <Text
              accessible={true}
              allowFontScaling={false}
              ellipsizeMode="tail"
              style={
                Array [
                  Object {
                    "color": "#748294",
                    "fontSize": 20,
                  },
                  undefined,
                  Object {
                    "fontFamily": "Ionicons",
                    "fontStyle": "normal",
                    "fontWeight": "normal",
                  },
                ]
              }
            >
              
            </Text>
          </View>
        </View>
      </View>
    </View>
  </View>
</RCTScrollView>
`;
