// Jest Snapshot v1, https://goo.gl/fbAQLP

exports[`it renders correctly 1`] = `
<View
  style={
    Object {
      "alignItems": "center",
      "backgroundColor": "#fff",
      "borderRadius": 4,
      "flex": 2,
      "flexDirection": "row",
      "justifyContent": "flex-start",
      "padding": 10,
    }
  }
>
  <Image
    source={1}
    style={
      Object {
        "height": 54,
        "marginRight": 20,
        "width": 54,
      }
    }
  />
  <View
    style={
      Object {
        "flex": 1,
        "flexDirection": "column",
        "marginRight": 5,
      }
    }
  >
    <Text
      accessible={true}
      allowFontScaling={true}
      disabled={false}
      ellipsizeMode="tail"
      style={
        Object {
          "borderBottomWidth": 0,
          "borderColor": "#9EABBC",
          "borderLeftWidth": 0,
          "borderRightWidth": 0,
          "borderTopWidth": 0,
          "color": "#454D56",
          "fontFamily": "System",
          "fontSize": 16.828997530864196,
          "lineHeight": 32,
        }
      }
    >
      Did you know
    </Text>
    <Text
      accessible={true}
      allowFontScaling={true}
      disabled={false}
      ellipsizeMode="tail"
      style={
        Object {
          "borderBottomWidth": 0,
          "borderColor": "#9EABBC",
          "borderLeftWidth": 0,
          "borderRightWidth": 0,
          "borderTopWidth": 0,
          "color": "#454D56",
          "fontFamily": "System",
          "fontSize": 14.791111111111112,
          "lineHeight": 20,
        }
      }
    >
      At this time your baby will begin to babble routinely, often amusing herself for long persion of time!
    </Text>
  </View>
</View>
`;
