// Jest Snapshot v1, https://goo.gl/fbAQLP

exports[`it renders correctly 1`] = `
<View
  accessibilityComponentType={undefined}
  accessibilityLabel={undefined}
  accessibilityTraits={undefined}
  accessible={true}
  hasTVPreferredFocus={undefined}
  hitSlop={undefined}
  isTVSelectable={true}
  onLayout={undefined}
  onResponderGrant={[Function]}
  onResponderMove={[Function]}
  onResponderRelease={[Function]}
  onResponderTerminate={[Function]}
  onResponderTerminationRequest={[Function]}
  onStartShouldSetResponder={[Function]}
  style={
    Array [
      Object {
        "backgroundColor": "transparent",
      },
      Object {
        "alignItems": "center",
        "backgroundColor": "red",
        "borderRadius": 4,
        "flex": 1,
        "height": 130,
        "justifyContent": "center",
        "marginRight": 5,
        "overflow": "hidden",
        "shadowColor": "#000",
        "shadowOffset": Object {
          "height": 5,
          "width": 0,
        },
        "shadowOpacity": 1,
        "shadowRadius": 1,
      },
    ]
  }
  testID={undefined}
  tvParallaxProperties={undefined}
>
  <Image
    resizeMode="contain"
    source={1}
    style={
      Array [
        Object {
          "flex": 1,
        },
        Object {
          "height": undefined,
          "width": undefined,
        },
      ]
    }
  >
    <View
      style={
        Object {
          "flex": 1,
        }
      }
    >
      <View
        style={
          Object {
            "alignItems": "center",
            "backgroundColor": "rgba(116, 130, 148, .4)",
            "bottom": 0,
            "flex": 1,
            "justifyContent": "center",
            "left": 0,
            "position": "absolute",
            "right": 0,
            "top": 0,
          }
        }
      />
      <View
        style={
          Object {
            "alignItems": "center",
            "alignSelf": "stretch",
            "backgroundColor": "transparent",
            "flex": 1,
            "flexDirection": "column",
            "justifyContent": "center",
          }
        }
      >
        <Text
          accessible={true}
          allowFontScaling={true}
          ellipsizeMode="tail"
          style={
            Object {
              "alignItems": "center",
              "backgroundColor": "transparent",
              "color": "#fff",
              "fontSize": 16,
              "fontWeight": "500",
              "justifyContent": "center",
            }
          }
        >
          Equipment For
        </Text>
        <Text
          accessible={true}
          allowFontScaling={true}
          ellipsizeMode="tail"
          style={
            Object {
              "alignItems": "center",
              "backgroundColor": "transparent",
              "color": "#fff",
              "fontSize": 16,
              "fontWeight": "500",
              "justifyContent": "center",
            }
          }
        >
          Next Week
        </Text>
      </View>
    </View>
  </Image>
</View>
`;
