// Jest Snapshot v1, https://goo.gl/fbAQLP

exports[`it renders correctly 1`] = `
style = Object {
    "marginBottom": 16,
    "paddingBottom": 10,
    "paddingLeft": 10,
    "paddingRight": 10,
    "paddingTop": 10,
    "flex": 1,
    "backgroundColor": "#FFFFFF",
    "borderColor": "#9EABBC",
    "borderBottomWidth": 0,
    "borderLeftWidth": 0,
    "borderRightWidth": 0,
    "borderTopWidth": 0,
    "alignItems": "center",
    "borderBottomLeftRadius": 4,
    "borderBottomRightRadius": 4,
    "borderTopLeftRadius": 4,
    "borderTopRightRadius": 4,
    "justifyContent": "center",
    "shadowColor": "#000",
    "shadowOpacity": 0.15,
    "shadowRadius": 3,
    "shadowOffset": {
        "height": 1,
        "width": 0
    },
    "fontSize": 19.147659412894374,
    "lineHeight": 24,
    "color": "#454D56",
    "fontFamily": "SF Pro Display",
    "textAlign": "center"
}

<View
  onLayout={[Function]}
  onPress={undefined}
  style={
    Object {
      "alignItems": "stretch",
      "backgroundColor": "#FFFFFF",
      "borderBottomLeftRadius": 4,
      "borderBottomRightRadius": 4,
      "borderBottomWidth": 0,
      "borderColor": "#9EABBC",
      "borderLeftWidth": 0,
      "borderRightWidth": 0,
      "borderTopLeftRadius": 4,
      "borderTopRightRadius": 4,
      "borderTopWidth": 0,
      "flex": 1,
      "justifyContent": "center",
      "marginBottom": 16,
      "paddingBottom": 0,
      "paddingLeft": 0,
      "paddingRight": 0,
      "paddingTop": 0,
      "shadowColor": "#000",
      "shadowOffset": Object {
        "height": 1,
        "width": 0,
      },
      "shadowOpacity": 0.15,
      "shadowRadius": 3,
    }
  }
>
  <View
    style={
      Object {
        "alignItems": "center",
        "borderBottomWidth": 0,
        "borderColor": "#9EABBC",
        "borderLeftWidth": 0,
        "borderRightWidth": 0,
        "borderTopWidth": 0,
        "flex": 1,
        "justifyContent": "center",
      }
    }
  >
    <Image
      resizeMode="contain"
      source={
        Object {
          "testUri": "../../../src/common/images/next-week-equipment.png",
        }
      }
      style={
        Object {
          "flex": 1,
          "height": 46,
          "marginTop": 16,
          "width": 48,
        }
      }
    />
    <View
      contentSpacing={true}
      style={
        Object {
          "borderBottomWidth": 0,
          "borderColor": "#9EABBC",
          "borderLeftWidth": 0,
          "borderRightWidth": 0,
          "borderTopWidth": 0,
          "paddingBottom": 10,
          "paddingLeft": 10,
          "paddingRight": 10,
          "paddingTop": 10,
        }
      }
    >
      <Text
        accessible={true}
        allowFontScaling={true}
        ellipsizeMode="tail"
        style={
          Object {
            "borderBottomWidth": 0,
            "borderColor": "#9EABBC",
            "borderLeftWidth": 0,
            "borderRightWidth": 0,
            "borderTopWidth": 0,
            "color": "#454D56",
            "fontFamily": "SF Pro Display",
            "fontSize": 19.147659412894374,
            "lineHeight": 24,
            "textAlign": "center",
          }
        }
      >
        Equipment For
      </Text>
      <Text
        accessible={true}
        allowFontScaling={true}
        ellipsizeMode="tail"
        style={
          Object {
            "borderBottomWidth": 0,
            "borderColor": "#9EABBC",
            "borderLeftWidth": 0,
            "borderRightWidth": 0,
            "borderTopWidth": 0,
            "color": "#454D56",
            "fontFamily": "SF Pro Display",
            "fontSize": 19.147659412894374,
            "lineHeight": 24,
            "textAlign": "center",
          }
        }
      >
        Next Week
      </Text>
    </View>
  </View>
</View>
`;
