// Jest Snapshot v1, https://goo.gl/fbAQLP

exports[`it renders correctly 1`] = `
<View
  accessibilityComponentType={undefined}
  accessibilityLabel={undefined}
  accessibilityTraits={undefined}
  accessible={true}
  hasTVPreferredFocus={undefined}
  hitSlop={undefined}
  isTVSelectable={true}
  onLayout={undefined}
  onResponderGrant={[Function]}
  onResponderMove={[Function]}
  onResponderRelease={[Function]}
  onResponderTerminate={[Function]}
  onResponderTerminationRequest={[Function]}
  onStartShouldSetResponder={[Function]}
  style={
    Array [
      Object {
        "backgroundColor": "transparent",
      },
      undefined,
    ]
  }
  testID={undefined}
  tvParallaxProperties={undefined}
>
  <View
    style={
      Object {
        "backgroundColor": "#fff",
        "borderRadius": 4,
        "flex": 2,
        "height": 97,
        "margin": 10,
        "marginTop": 10,
        "overflow": "hidden",
        "shadowColor": "#000",
        "shadowOffset": Object {
          "height": 100,
          "width": 200,
        },
        "shadowOpacity": 1,
        "shadowRadius": 1,
      }
    }
  >
    <Image
      resizeMode="cover"
      source={1}
      style={
        Array [
          Object {
            "height": 140,
            "width": 355,
          },
          Object {
            "width": 750,
          },
        ]
      }
    />
    <View
      style={
        Array [
          Object {
            "backgroundColor": "#748294",
            "height": 140,
            "opacity": 0.3,
            "position": "absolute",
            "top": 0,
            "width": 355,
          },
          Object {
            "width": 750,
          },
        ]
      }
    />
    <View
      style={
        Object {
          "justifyContent": "center",
          "paddingLeft": 10,
          "paddingTop": 15,
        }
      }
    >
      <Text
        accessible={true}
        allowFontScaling={true}
        ellipsizeMode="tail"
        style={
          Object {
            "color": "#454D56",
            "fontSize": 16,
            "justifyContent": "center",
          }
        }
      >
        This Week's Activities
      </Text>
    </View>
  </View>
</View>
`;
