// Jest Snapshot v1, https://goo.gl/fbAQLP

exports[`it renders correctly 1`] = `
style = Object {
    "paddingBottom": 8,
    "paddingLeft": 16,
    "paddingRight": 16,
    "paddingTop": 8,
    "borderColor": "#E9ECF4",
    "borderBottomWidth": 0,
    "borderLeftWidth": 0,
    "borderRightWidth": 0,
    "borderTopWidth": 0,
    "flexDirection": "row",
    "backgroundColor": "#FFFFFF",
    "flex": 1,
    "alignItems": "center",
    "borderBottomLeftRadius": 4,
    "borderBottomRightRadius": 4,
    "borderTopLeftRadius": 4,
    "borderTopRightRadius": 4,
    "borderWidth": 1,
    "fontSize": 13,
    "lineHeight": 16,
    "color": "#454D56",
    "fontFamily": "System",
    "fontWeight": "600",
    "marginLeft": 8,
    "justifyContent": "center"
}

<View
  contentSpacing={true}
  style={
    Object {
      "backgroundColor": "#EDF1FA",
      "borderBottomWidth": 0,
      "borderColor": "#9EABBC",
      "borderLeftWidth": 0,
      "borderRightWidth": 0,
      "borderTopWidth": 0,
      "flexDirection": "row",
      "paddingBottom": 10,
      "paddingLeft": 10,
      "paddingRight": 10,
      "paddingTop": 10,
    }
  }
>
  <View
    accessibilityComponentType={undefined}
    accessibilityLabel={undefined}
    accessibilityTraits={undefined}
    accessible={true}
    collapsable={undefined}
    hitSlop={undefined}
    isTVSelectable={true}
    nativeID={undefined}
    onLayout={undefined}
    onResponderGrant={[Function]}
    onResponderMove={[Function]}
    onResponderRelease={[Function]}
    onResponderTerminate={[Function]}
    onResponderTerminationRequest={[Function]}
    onStartShouldSetResponder={[Function]}
    style={
      Object {
        "alignItems": "center",
        "backgroundColor": "#FFFFFF",
        "borderBottomLeftRadius": 4,
        "borderBottomRightRadius": 4,
        "borderBottomWidth": 0,
        "borderColor": "#E9ECF4",
        "borderLeftWidth": 0,
        "borderRightWidth": 0,
        "borderTopLeftRadius": 4,
        "borderTopRightRadius": 4,
        "borderTopWidth": 0,
        "borderWidth": 1,
        "flex": 1,
        "flexDirection": "row",
        "opacity": 1,
        "paddingBottom": 8,
        "paddingLeft": 8,
        "paddingRight": 8,
        "paddingTop": 8,
      }
    }
    testID={undefined}
    tvParallaxProperties={undefined}
  >
    <View
      accessibilityComponentType={undefined}
      accessibilityLabel={undefined}
      accessibilityTraits={undefined}
      accessible={true}
      collapsable={undefined}
      hitSlop={undefined}
      isTVSelectable={true}
      nativeID={undefined}
      onLayout={undefined}
      onResponderGrant={[Function]}
      onResponderMove={[Function]}
      onResponderRelease={[Function]}
      onResponderTerminate={[Function]}
      onResponderTerminationRequest={[Function]}
      onStartShouldSetResponder={[Function]}
      style={
        Object {
          "justifyContent": "center",
          "marginRight": 5,
          "marginTop": 2,
          "opacity": 1,
        }
      }
      testID={undefined}
      tvParallaxProperties={undefined}
    >
      <Text
        accessible={true}
        allowFontScaling={false}
        disabled={false}
        ellipsizeMode="tail"
        style={
          Array [
            Object {
              "color": "#EA3154",
              "fontSize": 24,
            },
            undefined,
            Object {
              "fontFamily": "Ionicons",
              "fontStyle": "normal",
              "fontWeight": "normal",
            },
          ]
        }
      >
        
      </Text>
    </View>
    <Text
      accessible={true}
      allowFontScaling={true}
      disabled={false}
      ellipsizeMode="tail"
      style={
        Object {
          "borderBottomWidth": 0,
          "borderColor": "#9EABBC",
          "borderLeftWidth": 0,
          "borderRightWidth": 0,
          "borderTopWidth": 0,
          "color": "#454D56",
          "fontFamily": "System",
          "fontSize": 13,
          "fontWeight": "600",
          "lineHeight": 16,
        }
      }
    >
      ADD A MEMORY
    </Text>
  </View>
  <View
    accessibilityComponentType={undefined}
    accessibilityLabel={undefined}
    accessibilityTraits={undefined}
    accessible={true}
    collapsable={undefined}
    hitSlop={undefined}
    isTVSelectable={true}
    nativeID={undefined}
    onLayout={undefined}
    onResponderGrant={[Function]}
    onResponderMove={[Function]}
    onResponderRelease={[Function]}
    onResponderTerminate={[Function]}
    onResponderTerminationRequest={[Function]}
    onStartShouldSetResponder={[Function]}
    style={
      Object {
        "alignItems": "center",
        "backgroundColor": "#FFFFFF",
        "borderBottomLeftRadius": 4,
        "borderBottomRightRadius": 4,
        "borderBottomWidth": 0,
        "borderColor": "#E9ECF4",
        "borderLeftWidth": 0,
        "borderRightWidth": 0,
        "borderTopLeftRadius": 4,
        "borderTopRightRadius": 4,
        "borderTopWidth": 0,
        "borderWidth": 1,
        "justifyContent": "center",
        "marginLeft": 8,
        "opacity": 1,
        "paddingLeft": 16,
        "paddingRight": 16,
      }
    }
    testID={undefined}
    tvParallaxProperties={undefined}
  >
    <Text
      accessible={true}
      allowFontScaling={false}
      disabled={false}
      ellipsizeMode="tail"
      style={
        Array [
          Object {
            "color": "#748294",
            "fontSize": 24,
          },
          undefined,
          Object {
            "fontFamily": "Ionicons",
            "fontStyle": "normal",
            "fontWeight": "normal",
          },
        ]
      }
    >
      
    </Text>
  </View>
</View>
`;
