// Jest Snapshot v1, https://goo.gl/fbAQLP

exports[`it renders correctly 1`] = `
style = Object {
    "flex": 1,
    "borderColor": "#9EABBC",
    "borderBottomWidth": 0,
    "borderLeftWidth": 0,
    "borderRightWidth": 0,
    "borderTopWidth": 0,
    "paddingBottom": 8,
    "paddingLeft": 8,
    "paddingRight": 8,
    "paddingTop": 8,
    "flexDirection": "row",
    "backgroundColor": "#FFFFFF",
    "alignItems": "center",
    "borderBottomLeftRadius": 20,
    "borderBottomRightRadius": 20,
    "borderTopLeftRadius": 20,
    "borderTopRightRadius": 20,
    "borderWidth": 1,
    "fontSize": 13,
    "lineHeight": 16,
    "color": "#454D56",
    "fontFamily": "System",
    "fontWeight": "600",
    "marginLeft": 0,
    "justifyContent": "center",
    "flexWrap": "wrap",
    "marginBottom": 16,
    "marginRight": 0,
    "marginTop": 0,
    "shadowColor": "#000",
    "shadowOpacity": 0.1,
    "shadowRadius": 0.5,
    "shadowOffset": {
        "width": 0,
        "height": -1
    },
    "overflow": "hidden",
    "height": 40,
    "width": 100,
    "textAlign": "center"
}

<View
  style={
    Object {
      "borderBottomWidth": 0,
      "borderColor": "#9EABBC",
      "borderLeftWidth": 0,
      "borderRightWidth": 0,
      "borderTopWidth": 0,
      "flex": 1,
    }
  }
>
  <View
    contentSpacing={true}
    style={
      Object {
        "backgroundColor": "#EDF1FA",
        "borderBottomWidth": 0,
        "borderColor": "#9EABBC",
        "borderLeftWidth": 0,
        "borderRightWidth": 0,
        "borderTopWidth": 0,
        "flexDirection": "row",
        "paddingBottom": 10,
        "paddingLeft": 10,
        "paddingRight": 10,
        "paddingTop": 10,
      }
    }
  >
    <View
      accessibilityComponentType={undefined}
      accessibilityLabel={undefined}
      accessibilityTraits={undefined}
      accessible={true}
      hitSlop={undefined}
      isTVSelectable={true}
      nativeID={undefined}
      onLayout={undefined}
      onResponderGrant={[Function]}
      onResponderMove={[Function]}
      onResponderRelease={[Function]}
      onResponderTerminate={[Function]}
      onResponderTerminationRequest={[Function]}
      onStartShouldSetResponder={[Function]}
      style={
        Object {
          "alignItems": "center",
          "backgroundColor": "#FFFFFF",
          "borderBottomLeftRadius": 4,
          "borderBottomRightRadius": 4,
          "borderBottomWidth": 0,
          "borderColor": "#E9ECF4",
          "borderLeftWidth": 0,
          "borderRightWidth": 0,
          "borderTopLeftRadius": 4,
          "borderTopRightRadius": 4,
          "borderTopWidth": 0,
          "borderWidth": 1,
          "flex": 1,
          "flexDirection": "row",
          "opacity": 1,
          "paddingBottom": 8,
          "paddingLeft": 8,
          "paddingRight": 8,
          "paddingTop": 8,
        }
      }
      testID={undefined}
      tvParallaxProperties={undefined}
    >
      <View
        accessibilityComponentType={undefined}
        accessibilityLabel={undefined}
        accessibilityTraits={undefined}
        accessible={true}
        hitSlop={undefined}
        isTVSelectable={true}
        nativeID={undefined}
        onLayout={undefined}
        onResponderGrant={[Function]}
        onResponderMove={[Function]}
        onResponderRelease={[Function]}
        onResponderTerminate={[Function]}
        onResponderTerminationRequest={[Function]}
        onStartShouldSetResponder={[Function]}
        style={
          Object {
            "justifyContent": "center",
            "marginRight": 5,
            "marginTop": 2,
            "opacity": 1,
          }
        }
        testID={undefined}
        tvParallaxProperties={undefined}
      >
        <Text
          accessible={true}
          allowFontScaling={false}
          disabled={false}
          ellipsizeMode="tail"
          style={
            Array [
              Object {
                "color": "#EA3154",
                "fontSize": 24,
              },
              undefined,
              Object {
                "fontFamily": "Ionicons",
                "fontStyle": "normal",
                "fontWeight": "normal",
              },
            ]
          }
        >
          
        </Text>
      </View>
      <Text
        accessible={true}
        allowFontScaling={true}
        disabled={false}
        ellipsizeMode="tail"
        style={
          Object {
            "borderBottomWidth": 0,
            "borderColor": "#9EABBC",
            "borderLeftWidth": 0,
            "borderRightWidth": 0,
            "borderTopWidth": 0,
            "color": "#454D56",
            "fontFamily": "System",
            "fontSize": 13,
            "fontWeight": "600",
            "lineHeight": 16,
          }
        }
      >
        ADD A MEMORY
      </Text>
    </View>
    <View
      accessibilityComponentType={undefined}
      accessibilityLabel={undefined}
      accessibilityTraits={undefined}
      accessible={true}
      hitSlop={undefined}
      isTVSelectable={true}
      nativeID={undefined}
      onLayout={undefined}
      onResponderGrant={[Function]}
      onResponderMove={[Function]}
      onResponderRelease={[Function]}
      onResponderTerminate={[Function]}
      onResponderTerminationRequest={[Function]}
      onStartShouldSetResponder={[Function]}
      style={
        Object {
          "alignItems": "center",
          "backgroundColor": "#FFFFFF",
          "borderBottomLeftRadius": 4,
          "borderBottomRightRadius": 4,
          "borderBottomWidth": 0,
          "borderColor": "#E9ECF4",
          "borderLeftWidth": 0,
          "borderRightWidth": 0,
          "borderTopLeftRadius": 4,
          "borderTopRightRadius": 4,
          "borderTopWidth": 0,
          "borderWidth": 1,
          "justifyContent": "center",
          "marginLeft": 8,
          "opacity": 1,
          "paddingLeft": 16,
          "paddingRight": 16,
        }
      }
      testID={undefined}
      tvParallaxProperties={undefined}
    >
      <Text
        accessible={true}
        allowFontScaling={false}
        disabled={false}
        ellipsizeMode="tail"
        style={
          Array [
            Object {
              "color": "#748294",
              "fontSize": 24,
            },
            undefined,
            Object {
              "fontFamily": "Ionicons",
              "fontStyle": "normal",
              "fontWeight": "normal",
            },
          ]
        }
      >
        
      </Text>
    </View>
  </View>
  <View
    contentSpacing={true}
    style={
      Object {
        "backgroundColor": "#F8F9FC",
        "borderBottomWidth": 0,
        "borderColor": "#9EABBC",
        "borderLeftWidth": 0,
        "borderRightWidth": 0,
        "borderTopWidth": 0,
        "flex": 1,
        "paddingBottom": 10,
        "paddingLeft": 10,
        "paddingRight": 10,
        "paddingTop": 10,
      }
    }
  >
    <View
      style={
        Object {
          "borderBottomWidth": 0,
          "borderColor": "#9EABBC",
          "borderLeftWidth": 0,
          "borderRightWidth": 0,
          "borderTopWidth": 0,
        }
      }
    >
      <Text
        accessible={true}
        allowFontScaling={true}
        disabled={false}
        ellipsizeMode="tail"
        style={
          Object {
            "borderBottomWidth": 0,
            "borderColor": "#9EABBC",
            "borderLeftWidth": 0,
            "borderRightWidth": 0,
            "borderTopWidth": 0,
            "color": "#454D56",
            "fontFamily": "System",
            "fontSize": 13,
            "lineHeight": 16,
          }
        }
      >
        SUGGESTED MEMORIES
      </Text>
    </View>
    <View
      style={
        Object {
          "alignItems": "flex-start",
          "borderBottomWidth": 0,
          "borderColor": "#9EABBC",
          "borderLeftWidth": 0,
          "borderRightWidth": 0,
          "borderTopWidth": 0,
          "flex": 1,
          "flexDirection": "row",
          "flexWrap": "wrap",
        }
      }
    >
      <View
        onLayout={[Function]}
        style={
          Object {
            "alignItems": "stretch",
            "backgroundColor": "#FFFFFF",
            "borderBottomLeftRadius": 4,
            "borderBottomRightRadius": 4,
            "borderBottomWidth": 0,
            "borderColor": "#9EABBC",
            "borderLeftWidth": 0,
            "borderRightWidth": 0,
            "borderTopLeftRadius": 4,
            "borderTopRightRadius": 4,
            "borderTopWidth": 0,
            "flex": 1,
            "justifyContent": "flex-start",
            "marginBottom": 16,
            "marginLeft": 0,
            "marginRight": 0,
            "marginTop": 0,
            "paddingBottom": 0,
            "paddingLeft": 0,
            "paddingRight": 0,
            "paddingTop": 0,
            "shadowColor": "#000",
            "shadowOffset": Object {
              "height": 1,
              "width": 0,
            },
            "shadowOpacity": 0.15,
            "shadowRadius": 3,
          }
        }
      >
        <View
          style={
            Object {
              "borderBottomLeftRadius": 4,
              "borderBottomRightRadius": 4,
              "borderBottomWidth": 0,
              "borderColor": "#9EABBC",
              "borderLeftWidth": 0,
              "borderRightWidth": 0,
              "borderTopLeftRadius": 4,
              "borderTopRightRadius": 4,
              "borderTopWidth": 0,
              "flex": 1,
              "overflow": "hidden",
            }
          }
        >
          <View
            style={
              Object {
                "flex": 1,
              }
            }
          >
            <View
              style={
                Object {
                  "alignItems": "center",
                  "backgroundColor": "rgb(116, 130, 148)",
                  "bottom": 0,
                  "flex": 1,
                  "justifyContent": "center",
                  "left": 0,
                  "opacity": 0.4,
                  "position": "absolute",
                  "right": 0,
                  "top": 0,
                }
              }
            />
            <View
              style={
                Object {
                  "alignItems": "center",
                  "alignSelf": "stretch",
                  "backgroundColor": "transparent",
                  "flex": 1,
                  "flexDirection": "column",
                  "justifyContent": "center",
                }
              }
            >
              <View
                style={
                  Object {
                    "alignItems": "center",
                    "borderBottomLeftRadius": 4,
                    "borderBottomRightRadius": 4,
                    "borderBottomWidth": 0,
                    "borderColor": "#9EABBC",
                    "borderLeftWidth": 0,
                    "borderRightWidth": 0,
                    "borderTopLeftRadius": 4,
                    "borderTopRightRadius": 4,
                    "borderTopWidth": 0,
                    "flex": 1,
                    "height": 80,
                    "justifyContent": "center",
                  }
                }
              >
                <View
                  style={
                    Object {
                      "alignItems": "center",
                      "backgroundColor": "#FFFFFF",
                      "borderBottomLeftRadius": 20,
                      "borderBottomRightRadius": 20,
                      "borderBottomWidth": 0,
                      "borderColor": "#9EABBC",
                      "borderLeftWidth": 0,
                      "borderRightWidth": 0,
                      "borderTopLeftRadius": 20,
                      "borderTopRightRadius": 20,
                      "borderTopWidth": 0,
                      "height": 40,
                      "justifyContent": "center",
                      "overflow": "hidden",
                      "width": 40,
                    }
                  }
                >
                  <Text
                    accessible={true}
                    allowFontScaling={false}
                    disabled={false}
                    ellipsizeMode="tail"
                    style={
                      Array [
                        Object {
                          "color": "#9EABBC",
                          "fontSize": 30,
                        },
                        Object {
                          "textAlign": "center",
                        },
                        Object {
                          "fontFamily": "Ionicons",
                          "fontStyle": "normal",
                          "fontWeight": "normal",
                        },
                      ]
                    }
                  >
                    
                  </Text>
                </View>
              </View>
            </View>
          </View>
          <View
            style={
              Object {
                "borderBottomWidth": 0,
                "borderColor": "#9EABBC",
                "borderLeftWidth": 0,
                "borderRightWidth": 0,
                "borderTopWidth": 0,
                "justifyContent": "center",
                "shadowColor": "#000",
                "shadowOffset": Object {
                  "height": -1,
                  "width": 0,
                },
                "shadowOpacity": 0.1,
                "shadowRadius": 0.5,
              }
            }
          >
            <View
              justiyContent="center"
              style={
                Object {
                  "alignItems": "center",
                  "borderBottomWidth": 0,
                  "borderColor": "#9EABBC",
                  "borderLeftWidth": 0,
                  "borderRightWidth": 0,
                  "borderTopWidth": 0,
                  "flex": 1,
                  "paddingBottom": 8,
                  "paddingLeft": 8,
                  "paddingRight": 8,
                  "paddingTop": 8,
                }
              }
            >
              <Text
                accessible={true}
                allowFontScaling={true}
                disabled={false}
                ellipsizeMode="tail"
                numberOfLines={2}
                style={
                  Object {
                    "borderBottomWidth": 0,
                    "borderColor": "#9EABBC",
                    "borderLeftWidth": 0,
                    "borderRightWidth": 0,
                    "borderTopWidth": 0,
                    "color": "#454D56",
                    "fontFamily": "System",
                    "fontSize": 13,
                    "lineHeight": 16,
                    "textAlign": "center",
                    "width": 100,
                  }
                }
              >
                1st Solid Food
              </Text>
            </View>
          </View>
        </View>
      </View>
      <View
        onLayout={[Function]}
        style={
          Object {
            "alignItems": "stretch",
            "backgroundColor": "#FFFFFF",
            "borderBottomLeftRadius": 4,
            "borderBottomRightRadius": 4,
            "borderBottomWidth": 0,
            "borderColor": "#9EABBC",
            "borderLeftWidth": 0,
            "borderRightWidth": 0,
            "borderTopLeftRadius": 4,
            "borderTopRightRadius": 4,
            "borderTopWidth": 0,
            "flex": 1,
            "justifyContent": "flex-start",
            "marginBottom": 16,
            "marginLeft": 0,
            "marginRight": 0,
            "marginTop": 0,
            "paddingBottom": 0,
            "paddingLeft": 0,
            "paddingRight": 0,
            "paddingTop": 0,
            "shadowColor": "#000",
            "shadowOffset": Object {
              "height": 1,
              "width": 0,
            },
            "shadowOpacity": 0.15,
            "shadowRadius": 3,
          }
        }
      >
        <View
          style={
            Object {
              "borderBottomLeftRadius": 4,
              "borderBottomRightRadius": 4,
              "borderBottomWidth": 0,
              "borderColor": "#9EABBC",
              "borderLeftWidth": 0,
              "borderRightWidth": 0,
              "borderTopLeftRadius": 4,
              "borderTopRightRadius": 4,
              "borderTopWidth": 0,
              "flex": 1,
              "overflow": "hidden",
            }
          }
        >
          <View
            style={
              Object {
                "flex": 1,
              }
            }
          >
            <View
              style={
                Object {
                  "alignItems": "center",
                  "backgroundColor": "rgb(116, 130, 148)",
                  "bottom": 0,
                  "flex": 1,
                  "justifyContent": "center",
                  "left": 0,
                  "opacity": 0.4,
                  "position": "absolute",
                  "right": 0,
                  "top": 0,
                }
              }
            />
            <View
              style={
                Object {
                  "alignItems": "center",
                  "alignSelf": "stretch",
                  "backgroundColor": "transparent",
                  "flex": 1,
                  "flexDirection": "column",
                  "justifyContent": "center",
                }
              }
            >
              <View
                style={
                  Object {
                    "alignItems": "center",
                    "borderBottomLeftRadius": 4,
                    "borderBottomRightRadius": 4,
                    "borderBottomWidth": 0,
                    "borderColor": "#9EABBC",
                    "borderLeftWidth": 0,
                    "borderRightWidth": 0,
                    "borderTopLeftRadius": 4,
                    "borderTopRightRadius": 4,
                    "borderTopWidth": 0,
                    "flex": 1,
                    "height": 80,
                    "justifyContent": "center",
                  }
                }
              >
                <View
                  style={
                    Object {
                      "alignItems": "center",
                      "backgroundColor": "#FFFFFF",
                      "borderBottomLeftRadius": 20,
                      "borderBottomRightRadius": 20,
                      "borderBottomWidth": 0,
                      "borderColor": "#9EABBC",
                      "borderLeftWidth": 0,
                      "borderRightWidth": 0,
                      "borderTopLeftRadius": 20,
                      "borderTopRightRadius": 20,
                      "borderTopWidth": 0,
                      "height": 40,
                      "justifyContent": "center",
                      "overflow": "hidden",
                      "width": 40,
                    }
                  }
                >
                  <Text
                    accessible={true}
                    allowFontScaling={false}
                    disabled={false}
                    ellipsizeMode="tail"
                    style={
                      Array [
                        Object {
                          "color": "#9EABBC",
                          "fontSize": 30,
                        },
                        Object {
                          "textAlign": "center",
                        },
                        Object {
                          "fontFamily": "Ionicons",
                          "fontStyle": "normal",
                          "fontWeight": "normal",
                        },
                      ]
                    }
                  >
                    
                  </Text>
                </View>
              </View>
            </View>
          </View>
          <View
            style={
              Object {
                "borderBottomWidth": 0,
                "borderColor": "#9EABBC",
                "borderLeftWidth": 0,
                "borderRightWidth": 0,
                "borderTopWidth": 0,
                "justifyContent": "center",
                "shadowColor": "#000",
                "shadowOffset": Object {
                  "height": -1,
                  "width": 0,
                },
                "shadowOpacity": 0.1,
                "shadowRadius": 0.5,
              }
            }
          >
            <View
              justiyContent="center"
              style={
                Object {
                  "alignItems": "center",
                  "borderBottomWidth": 0,
                  "borderColor": "#9EABBC",
                  "borderLeftWidth": 0,
                  "borderRightWidth": 0,
                  "borderTopWidth": 0,
                  "flex": 1,
                  "paddingBottom": 8,
                  "paddingLeft": 8,
                  "paddingRight": 8,
                  "paddingTop": 8,
                }
              }
            >
              <Text
                accessible={true}
                allowFontScaling={true}
                disabled={false}
                ellipsizeMode="tail"
                numberOfLines={2}
                style={
                  Object {
                    "borderBottomWidth": 0,
                    "borderColor": "#9EABBC",
                    "borderLeftWidth": 0,
                    "borderRightWidth": 0,
                    "borderTopWidth": 0,
                    "color": "#454D56",
                    "fontFamily": "System",
                    "fontSize": 13,
                    "lineHeight": 16,
                    "textAlign": "center",
                    "width": 100,
                  }
                }
              >
                Crawling
              </Text>
            </View>
          </View>
        </View>
      </View>
    </View>
  </View>
  <View
    style={
      Object {
        "borderBottomWidth": 0,
        "borderColor": "#9EABBC",
        "borderLeftWidth": 0,
        "borderRightWidth": 0,
        "borderTopWidth": 0,
        "flex": 1,
      }
    }
  />
</View>
`;
