// Jest Snapshot v1, https://goo.gl/fbAQLP

exports[`it displays a loader when loading 1`] = `null`;

exports[`it renders the component when data is loading but exists in cache 1`] = `
style = Object {}

<Text
  accessible={true}
  allowFontScaling={true}
  disabled={false}
  ellipsizeMode="tail"
>
  The component
</Text>
`;

exports[`it renders the component when loading is finished 1`] = `
style = Object {}

<Text
  accessible={true}
  allowFontScaling={true}
  disabled={false}
  ellipsizeMode="tail"
>
  The component
</Text>
`;
