// Jest Snapshot v1, https://goo.gl/fbAQLP

exports[`it renders correctly 1`] = `
style = Object {
    "borderColor": "#9EABBC",
    "borderBottomWidth": 0,
    "borderLeftWidth": 0,
    "borderRightWidth": 0,
    "borderTopWidth": 0,
    "alignItems": "center",
    "justifyContent": "center",
    "zIndex": 999,
    "backgroundColor": "#fff",
    "height": 70,
    "width": 70,
    "borderRadius": 35,
    "shadowOpacity": 0.15,
    "shadowColor": "#000",
    "shadowOffset": {
        "width": 0,
        "height": 1
    },
    "shadowRadius": 1
}

<View
  style={
    Object {
      "alignItems": "center",
      "backgroundColor": "#fff",
      "borderBottomWidth": 0,
      "borderColor": "#9EABBC",
      "borderLeftWidth": 0,
      "borderRadius": 35,
      "borderRightWidth": 0,
      "borderTopWidth": 0,
      "height": 70,
      "justifyContent": "center",
      "shadowColor": "#000",
      "shadowOffset": Object {
        "height": 1,
        "width": 0,
      },
      "shadowOpacity": 0.15,
      "shadowRadius": 1,
      "width": 70,
      "zIndex": 999,
    }
  }
/>
`;
