// Jest Snapshot v1, https://goo.gl/fbAQLP

exports[`it renders correctly 1`] = `
style = Object {
    "paddingBottom": 15,
    "paddingLeft": 16,
    "paddingRight": 16,
    "paddingTop": 15,
    "backgroundColor": "#9EABBC",
    "borderColor": "#9EABBC",
    "borderBottomWidth": 0,
    "borderLeftWidth": 0,
    "borderRightWidth": 0,
    "borderTopWidth": 0,
    "flexDirection": "row",
    "marginRight": 8,
    "alignItems": "center",
    "justifyContent": "center",
    "borderRadius": 20,
    "height": 40,
    "width": 40,
    "overflow": "hidden",
    "flex": 1,
    "marginBottom": 3.2,
    "fontSize": 13,
    "lineHeight": 16,
    "color": "#748294",
    "fontFamily": "SF Pro Text",
    "letterSpacing": -0.21,
    "alignSelf": "center"
}

<View
  style={
    Object {
      "backgroundColor": "#FFFFFF",
      "borderBottomWidth": 1,
      "borderColor": "#E0E4E7",
      "borderLeftWidth": 0,
      "borderRightWidth": 0,
      "borderTopWidth": 1,
      "paddingBottom": 15,
      "paddingLeft": 16,
      "paddingRight": 16,
      "paddingTop": 15,
    }
  }
>
  <View
    style={
      Object {
        "borderBottomWidth": 0,
        "borderColor": "#9EABBC",
        "borderLeftWidth": 0,
        "borderRightWidth": 0,
        "borderTopWidth": 0,
        "flexDirection": "row",
      }
    }
  >
    <View
      style={
        Object {
          "alignItems": "center",
          "borderBottomWidth": 0,
          "borderColor": "#9EABBC",
          "borderLeftWidth": 0,
          "borderRightWidth": 0,
          "borderTopWidth": 0,
          "justifyContent": "center",
          "marginRight": 8,
        }
      }
    >
      <View
        id={undefined}
        style={
          Object {
            "alignItems": "center",
            "backgroundColor": "#9EABBC",
            "borderRadius": 20,
            "height": 40,
            "justifyContent": "center",
            "overflow": "hidden",
            "width": 40,
          }
        }
      >
        <Text
          accessible={true}
          allowFontScaling={true}
          ellipsizeMode="tail"
          size={40}
          style={
            Object {
              "color": "#FFFFFF",
            }
          }
        >
          MF
        </Text>
      </View>
    </View>
    <View
      style={
        Object {
          "borderBottomWidth": 0,
          "borderColor": "#9EABBC",
          "borderLeftWidth": 0,
          "borderRightWidth": 0,
          "borderTopWidth": 0,
          "flex": 1,
          "justifyContent": "center",
        }
      }
    >
      <Text
        accessible={true}
        allowFontScaling={true}
        ellipsizeMode="tail"
        style={
          Object {
            "borderBottomWidth": 0,
            "borderColor": "#9EABBC",
            "borderLeftWidth": 0,
            "borderRightWidth": 0,
            "borderTopWidth": 0,
            "color": "#748294",
            "fontFamily": "SF Pro Text",
            "fontSize": 14.791111111111112,
            "lineHeight": 16,
            "marginBottom": 3.2,
          }
        }
      >
        Mommy
         
        Foo
      </Text>
      <Text
        accessible={true}
        allowFontScaling={true}
        ellipsizeMode="tail"
        style={
          Object {
            "borderBottomWidth": 0,
            "borderColor": "#9EABBC",
            "borderLeftWidth": 0,
            "borderRightWidth": 0,
            "borderTopWidth": 0,
            "color": "#748294",
            "fontFamily": "SF Pro Text",
            "fontSize": 13,
            "letterSpacing": -0.21,
            "lineHeight": 16,
          }
        }
      >
        My profile details
      </Text>
    </View>
    <View
      style={
        Object {
          "borderBottomWidth": 0,
          "borderColor": "#9EABBC",
          "borderLeftWidth": 0,
          "borderRightWidth": 0,
          "borderTopWidth": 0,
        }
      }
    />
    <View
      style={
        Object {
          "alignSelf": "center",
          "borderBottomWidth": 0,
          "borderColor": "#9EABBC",
          "borderLeftWidth": 0,
          "borderRightWidth": 0,
          "borderTopWidth": 0,
        }
      }
    >
      <View
        style={
          Object {
            "alignItems": "center",
            "borderBottomWidth": 0,
            "borderColor": "#9EABBC",
            "borderLeftWidth": 0,
            "borderRightWidth": 0,
            "borderTopWidth": 0,
            "justifyContent": "center",
          }
        }
      >
        <Text
          accessible={true}
          allowFontScaling={false}
          ellipsizeMode="tail"
          style={
            Array [
              Object {
                "color": "#748294",
                "fontSize": 20,
              },
              undefined,
              Object {
                "fontFamily": "Ionicons",
                "fontStyle": "normal",
                "fontWeight": "normal",
              },
            ]
          }
        >
          
        </Text>
      </View>
    </View>
  </View>
</View>
`;
