// Jest Snapshot v1, https://goo.gl/fbAQLP

exports[`creates APP_ERROR action 1`] = `
Object {
  "error": true,
  "payload": [Error: foo],
  "type": "APP_ERROR",
}
`;

exports[`creates APP_ONLINE action 1`] = `
Object {
  "payload": Object {
    "online": true,
  },
  "type": "APP_ONLINE",
}
`;

exports[`creates ON_AUTH action 1`] = `
Object {
  "payload": Object {
    "token": "TOKEN",
    "user": Object {
      "email": "foo@example.com",
    },
  },
  "type": "ON_AUTH",
}
`;
